------------------------------------------------------------
TimeQuest Timing Analyzer Summary
------------------------------------------------------------

Type  : Slow 1200mV 85C Model Setup 'clk'
Slack : -0.423
TNS   : -1.475

Type  : Slow 1200mV 85C Model Setup 'Op[0]'
Slack : -0.245
TNS   : -0.245

Type  : Slow 1200mV 85C Model Hold 'clk'
Slack : -0.221
TNS   : -0.800

Type  : Slow 1200mV 85C Model Hold 'Op[0]'
Slack : 0.082
TNS   : 0.000

Type  : Slow 1200mV 85C Model Minimum Pulse Width 'clk'
Slack : -3.000
TNS   : -15.000

Type  : Slow 1200mV 85C Model Minimum Pulse Width 'Op[0]'
Slack : -3.000
TNS   : -3.000

Type  : Slow 1200mV 0C Model Setup 'clk'
Slack : -0.269
TNS   : -0.692

Type  : Slow 1200mV 0C Model Setup 'Op[0]'
Slack : -0.183
TNS   : -0.183

Type  : Slow 1200mV 0C Model Hold 'clk'
Slack : -0.160
TNS   : -0.552

Type  : Slow 1200mV 0C Model Hold 'Op[0]'
Slack : 0.067
TNS   : 0.000

Type  : Slow 1200mV 0C Model Minimum Pulse Width 'clk'
Slack : -3.000
TNS   : -15.000

Type  : Slow 1200mV 0C Model Minimum Pulse Width 'Op[0]'
Slack : -3.000
TNS   : -3.000

Type  : Fast 1200mV 0C Model Setup 'clk'
Slack : -0.044
TNS   : -0.065

Type  : Fast 1200mV 0C Model Setup 'Op[0]'
Slack : 0.401
TNS   : 0.000

Type  : Fast 1200mV 0C Model Hold 'clk'
Slack : -0.228
TNS   : -0.984

Type  : Fast 1200mV 0C Model Hold 'Op[0]'
Slack : 0.050
TNS   : 0.000

Type  : Fast 1200mV 0C Model Minimum Pulse Width 'clk'
Slack : -3.000
TNS   : -15.312

Type  : Fast 1200mV 0C Model Minimum Pulse Width 'Op[0]'
Slack : -3.000
TNS   : -3.000

------------------------------------------------------------
